[0m18:15:52.224222 [debug] [MainThread]: Sending event: {'category': 'dbt', 'action': 'invocation', 'label': 'start', 'context': [<snowplow_tracker.self_describing_json.SelfDescribingJson object at 0x0000029C28BACE30>, <snowplow_tracker.self_describing_json.SelfDescribingJson object at 0x0000029C27011610>, <snowplow_tracker.self_describing_json.SelfDescribingJson object at 0x0000029C27011640>]}


============================== 18:15:52.227252 | 7bcb4f62-435a-46bf-9a27-648ca762deb1 ==============================
[0m18:15:52.227252 [info ] [MainThread]: Running with dbt=1.12.0
[0m18:15:52.228240 [debug] [MainThread]: running dbt with arguments {'static_parser': 'True', 'no_print': 'None', 'version_check': 'True', 'target_path': 'None', 'maximum_seed_size_mib': '1', 'warn_error_options': 'WarnErrorOptionsV2(error=[], warn=[], silence=[])', 'printer_width': '80', 'write_json': 'True', 'introspect': 'True', 'log_cache_events': 'False', 'empty': 'None', 'cache_selected_only': 'False', 'fail_fast': 'False', 'debug': 'False', 'log_format': 'default', 'partial_parse': 'True', 'send_anonymous_usage_stats': 'True', 'quiet': 'False', 'warn_error': 'None', 'profiles_dir': 'C:\\Users\\dipus\\.dbt', 'use_colors': 'True', 'hints_enabled': 'True', 'indirect_selection': 'eager', 'use_experimental_parser': 'False', 'invocation_command': 'dbt init', 'log_path': 'logs'}
[0m18:15:52.278805 [info ] [MainThread]: Creating dbt configuration folder at C:\Users\dipus\.dbt
[0m18:17:24.132179 [debug] [MainThread]: Starter project path: C:\Users\dipus\OneDrive\Desktop\DBT_Snowflake\.venv\Lib\site-packages\dbt\include\starter_project
[0m18:17:24.160926 [info ] [MainThread]: Setting up your profile.
[0m18:17:55.220263 [debug] [MainThread]: Snowflake adapter: Setting snowflake.connector to ERROR (file logging only)
[0m18:17:55.221263 [debug] [MainThread]: Snowflake adapter: Setting botocore to ERROR (file logging only)
[0m18:17:55.221263 [debug] [MainThread]: Snowflake adapter: Setting boto3 to ERROR (file logging only)
[0m18:19:50.474856 [error] [MainThread]: [[31mERROR[0m]: Encountered an error:

[0m18:19:50.476353 [error] [MainThread]: Traceback (most recent call last):
  File "C:\Users\dipus\OneDrive\Desktop\DBT_Snowflake\.venv\Lib\site-packages\dbt\cli\requires.py", line 190, in wrapper
    result, success = func(*args, **kwargs)
                      ^^^^^^^^^^^^^^^^^^^^^
  File "C:\Users\dipus\OneDrive\Desktop\DBT_Snowflake\.venv\Lib\site-packages\dbt\cli\requires.py", line 136, in wrapper
    return func(*args, **kwargs)
           ^^^^^^^^^^^^^^^^^^^^^
  File "C:\Users\dipus\OneDrive\Desktop\DBT_Snowflake\.venv\Lib\site-packages\dbt\cli\main.py", line 503, in init
    results = task.run()
              ^^^^^^^^^^
  File "C:\Users\dipus\OneDrive\Desktop\DBT_Snowflake\.venv\Lib\site-packages\dbt\task\init.py", line 360, in run
    self.setup_profile(profile_name)
  File "C:\Users\dipus\OneDrive\Desktop\DBT_Snowflake\.venv\Lib\site-packages\dbt\task\init.py", line 264, in setup_profile
    self.create_profile_from_target(adapter, profile_name=profile_name)
  File "C:\Users\dipus\OneDrive\Desktop\DBT_Snowflake\.venv\Lib\site-packages\dbt\task\init.py", line 181, in create_profile_from_target
    self.create_profile_from_profile_template(profile_template, profile_name)
  File "C:\Users\dipus\OneDrive\Desktop\DBT_Snowflake\.venv\Lib\site-packages\dbt\task\init.py", line 165, in create_profile_from_profile_template
    target = self.generate_target_from_input(prompts, initial_target)
             ^^^^^^^^^^^^^^^^^^^^^^^^^^^^^^^^^^^^^^^^^^^^^^^^^^^^^^^^
  File "C:\Users\dipus\OneDrive\Desktop\DBT_Snowflake\.venv\Lib\site-packages\dbt\task\init.py", line 118, in generate_target_from_input
    target = self.generate_target_from_input(
             ^^^^^^^^^^^^^^^^^^^^^^^^^^^^^^^^
  File "C:\Users\dipus\OneDrive\Desktop\DBT_Snowflake\.venv\Lib\site-packages\dbt\task\init.py", line 131, in generate_target_from_input
    target[key] = click.prompt(
                  ^^^^^^^^^^^^^
  File "C:\Users\dipus\OneDrive\Desktop\DBT_Snowflake\.venv\Lib\site-packages\click\termui.py", line 218, in prompt
    value = prompt_func(prompt)
            ^^^^^^^^^^^^^^^^^^^
  File "C:\Users\dipus\OneDrive\Desktop\DBT_Snowflake\.venv\Lib\site-packages\click\termui.py", line 201, in prompt_func
    raise Abort() from None
click.exceptions.Abort

[0m18:19:50.477809 [debug] [MainThread]: Command `dbt init` failed at 18:19:50.477809 after 238.38 seconds
[0m18:19:50.477809 [debug] [MainThread]: Sending event: {'category': 'dbt', 'action': 'invocation', 'label': 'end', 'context': [<snowplow_tracker.self_describing_json.SelfDescribingJson object at 0x0000029C29040140>, <snowplow_tracker.self_describing_json.SelfDescribingJson object at 0x0000029C2B75E420>, <snowplow_tracker.self_describing_json.SelfDescribingJson object at 0x0000029C2BD749E0>]}
[0m18:19:50.477809 [debug] [MainThread]: Flushing usage events
[0m18:19:50.962566 [debug] [MainThread]: An error was encountered while trying to flush usage events
[0m18:19:56.432723 [debug] [MainThread]: Sending event: {'category': 'dbt', 'action': 'invocation', 'label': 'start', 'context': [<snowplow_tracker.self_describing_json.SelfDescribingJson object at 0x000001CD92FD80E0>, <snowplow_tracker.self_describing_json.SelfDescribingJson object at 0x000001CD92B93BF0>, <snowplow_tracker.self_describing_json.SelfDescribingJson object at 0x000001CD92B93260>]}


============================== 18:19:56.436210 | f4fbd383-2892-4407-9264-af7e40f6c1a8 ==============================
[0m18:19:56.436210 [info ] [MainThread]: Running with dbt=1.12.0
[0m18:19:56.436210 [debug] [MainThread]: running dbt with arguments {'maximum_seed_size_mib': '1', 'no_print': 'None', 'version_check': 'True', 'target_path': 'None', 'warn_error_options': 'WarnErrorOptionsV2(error=[], warn=[], silence=[])', 'static_parser': 'True', 'printer_width': '80', 'write_json': 'True', 'introspect': 'True', 'log_cache_events': 'False', 'empty': 'None', 'cache_selected_only': 'False', 'fail_fast': 'False', 'debug': 'False', 'log_format': 'default', 'profiles_dir': 'C:\\Users\\dipus\\.dbt', 'send_anonymous_usage_stats': 'True', 'quiet': 'False', 'warn_error': 'None', 'partial_parse': 'True', 'use_colors': 'True', 'hints_enabled': 'True', 'invocation_command': 'dbt init', 'use_experimental_parser': 'False', 'indirect_selection': 'eager', 'log_path': 'logs'}
[0m18:20:08.077876 [debug] [MainThread]: Starter project path: C:\Users\dipus\OneDrive\Desktop\DBT_Snowflake\.venv\Lib\site-packages\dbt\include\starter_project
[0m18:20:08.089876 [info ] [MainThread]: Setting up your profile.
[0m18:20:26.608834 [debug] [MainThread]: Snowflake adapter: Setting snowflake.connector to ERROR (file logging only)
[0m18:20:26.609834 [debug] [MainThread]: Snowflake adapter: Setting botocore to ERROR (file logging only)
[0m18:20:26.609834 [debug] [MainThread]: Snowflake adapter: Setting boto3 to ERROR (file logging only)
[0m18:22:23.835902 [info ] [MainThread]: Profile aws_snowflake_project written to C:\Users\dipus\.dbt\profiles.yml using target's profile_template.yml and your supplied values.
[0m18:22:23.840414 [info ] [MainThread]: Running dbt debug to validate the project...
[0m18:22:23.841419 [info ] [MainThread]: dbt version: 1.12.0
[0m18:22:23.841419 [info ] [MainThread]: python version: 3.12.1
[0m18:22:23.841419 [info ] [MainThread]: python path: C:\Users\dipus\OneDrive\Desktop\DBT_Snowflake\.venv\Scripts\python.exe
[0m18:22:23.842418 [info ] [MainThread]: os info: Windows-11-10.0.26200-SP0
[0m18:22:23.919126 [info ] [MainThread]: Using profiles dir at C:\Users\dipus\.dbt
[0m18:22:23.919126 [info ] [MainThread]: Using profiles.yml file at C:\Users\dipus\.dbt\profiles.yml
[0m18:22:23.920131 [info ] [MainThread]: Using dbt_project.yml file at C:\Users\dipus\OneDrive\Desktop\DBT_Snowflake\aws_snowflake_project\dbt_project.yml
[0m18:22:23.921131 [info ] [MainThread]: adapter type: snowflake
[0m18:22:23.922131 [info ] [MainThread]: adapter version: 1.12.0
[0m18:22:23.990766 [info ] [MainThread]: Configuration:
[0m18:22:23.990766 [info ] [MainThread]:   profiles.yml file [[32mOK found and valid[0m]
[0m18:22:23.990766 [info ] [MainThread]:   dbt_project.yml file [[32mOK found and valid[0m]
[0m18:22:23.991814 [info ] [MainThread]: Required dependencies:
[0m18:22:23.991814 [debug] [MainThread]: Executing "git --help"
[0m18:22:24.021319 [debug] [MainThread]: STDOUT: "b"usage: git [-v | --version] [-h | --help] [-C <path>] [-c <name>=<value>]\n           [--exec-path[=<path>]] [--html-path] [--man-path] [--info-path]\n           [-p | --paginate | -P | --no-pager] [--no-replace-objects] [--no-lazy-fetch]\n           [--no-optional-locks] [--no-advice] [--bare] [--git-dir=<path>]\n           [--work-tree=<path>] [--namespace=<name>] [--config-env=<name>=<envvar>]\n           <command> [<args>]\n\nThese are common Git commands used in various situations:\n\nstart a working area (see also: git help tutorial)\n   clone      Clone a repository into a new directory\n   init       Create an empty Git repository or reinitialize an existing one\n\nwork on the current change (see also: git help everyday)\n   add        Add file contents to the index\n   mv         Move or rename a file, a directory, or a symlink\n   restore    Restore working tree files\n   rm         Remove files from the working tree and from the index\n\nexamine the history and state (see also: git help revisions)\n   bisect     Use binary search to find the commit that introduced a bug\n   diff       Show changes between commits, commit and working tree, etc\n   grep       Print lines matching a pattern\n   log        Show commit logs\n   show       Show various types of objects\n   status     Show the working tree status\n\ngrow, mark and tweak your common history\n   backfill   Download missing objects in a partial clone\n   branch     List, create, or delete branches\n   commit     Record changes to the repository\n   history    EXPERIMENTAL: Rewrite history\n   merge      Join two or more development histories together\n   rebase     Reapply commits on top of another base tip\n   reset      Set `HEAD` or the index to a known state\n   switch     Switch branches\n   tag        Create, list, delete or verify tags\n\ncollaborate (see also: git help workflows)\n   fetch      Download objects and refs from another repository\n   pull       Fetch from and integrate with another repository or a local branch\n   push       Update remote refs along with associated objects\n\n'git help -a' and 'git help -g' list available subcommands and some\nconcept guides. See 'git help <command>' or 'git help <concept>'\nto read about a specific subcommand or concept.\nSee 'git help git' for an overview of the system.\n""
[0m18:22:24.022320 [debug] [MainThread]: STDERR: "b''"
[0m18:22:24.022320 [info ] [MainThread]:  - git [[32mOK found[0m]

[0m18:22:24.022320 [info ] [MainThread]: Connection:
[0m18:22:24.023319 [info ] [MainThread]:   account: UBYGHQR-LB38906
[0m18:22:24.023319 [info ] [MainThread]:   user: dipusarin
[0m18:22:24.023319 [info ] [MainThread]:   database: AIRBNB_PROJECTDB
[0m18:22:24.024320 [info ] [MainThread]:   warehouse: COMPUTE_WH
[0m18:22:24.024320 [info ] [MainThread]:   role: ACCOUNTADMIN
[0m18:22:24.024320 [info ] [MainThread]:   schema: dbt_schema
[0m18:22:24.024320 [info ] [MainThread]:   authenticator: None
[0m18:22:24.025319 [info ] [MainThread]:   oauth_client_id: None
[0m18:22:24.025319 [info ] [MainThread]:   query_tag: None
[0m18:22:24.025319 [info ] [MainThread]:   client_session_keep_alive: False
[0m18:22:24.025319 [info ] [MainThread]:   host: None
[0m18:22:24.025319 [info ] [MainThread]:   port: None
[0m18:22:24.026319 [info ] [MainThread]:   proxy_host: None
[0m18:22:24.026319 [info ] [MainThread]:   proxy_port: None
[0m18:22:24.026319 [info ] [MainThread]:   protocol: None
[0m18:22:24.026319 [info ] [MainThread]:   connect_retries: 1
[0m18:22:24.027318 [info ] [MainThread]:   connect_timeout: None
[0m18:22:24.027318 [info ] [MainThread]:   retry_on_database_errors: False
[0m18:22:24.027318 [info ] [MainThread]:   retry_all: False
[0m18:22:24.027318 [info ] [MainThread]:   insecure_mode: False
[0m18:22:24.027318 [info ] [MainThread]:   reuse_connections: True
[0m18:22:24.027318 [info ] [MainThread]:   s3_stage_vpce_dns_name: None
[0m18:22:24.028822 [info ] [MainThread]:   workload_identity_provider: None
[0m18:22:24.028822 [info ] [MainThread]:   workload_identity_entra_resource: None
[0m18:22:24.028822 [info ] [MainThread]:   platform_detection_timeout_seconds: 0.0
[0m18:22:24.028822 [info ] [MainThread]: Registered adapter: snowflake=1.12.0
[0m18:22:24.218736 [debug] [MainThread]: Acquiring new snowflake connection 'debug'
[0m18:22:24.223939 [debug] [MainThread]: Using snowflake connection "debug"
[0m18:22:24.223939 [debug] [MainThread]: On debug: select 1 as id
[0m18:22:24.223939 [debug] [MainThread]: Opening a new connection, currently in state init
[0m18:22:25.691320 [debug] [MainThread]: SQL status: SUCCESS 1 in 1.467 seconds
[0m18:22:25.692320 [info ] [MainThread]:   Connection test: [[32mOK connection ok[0m]

[0m18:22:25.692320 [info ] [MainThread]: [32mAll checks passed![0m
[0m18:22:25.693304 [info ] [MainThread]: Your new dbt project "aws_snowflake_project" was created!
Initialized new project in C:\Users\dipus\OneDrive\Desktop\DBT_Snowflake\aws_snowflake_project\aws_snowflake_project

For more information on how to configure the profiles.yml file,
please consult the dbt documentation here:

  https://docs.getdbt.com/docs/configure-your-profile

One more thing:

Need help? Don't hesitate to reach out to us via GitHub issues or on Slack:

  https://community.getdbt.com/

Happy modeling!

[0m18:22:25.693304 [debug] [MainThread]: Command `dbt init` succeeded at 18:22:25.693304 after 149.37 seconds
[0m18:22:25.693304 [debug] [MainThread]: Connection 'debug' was left open.
[0m18:22:25.693304 [debug] [MainThread]: On debug: Close
[0m18:22:25.786928 [debug] [MainThread]: Sending event: {'category': 'dbt', 'action': 'invocation', 'label': 'end', 'context': [<snowplow_tracker.self_describing_json.SelfDescribingJson object at 0x000001CD950C74D0>, <snowplow_tracker.self_describing_json.SelfDescribingJson object at 0x000001CD96C343B0>, <snowplow_tracker.self_describing_json.SelfDescribingJson object at 0x000001CD953D3890>]}
[0m18:22:25.787922 [debug] [MainThread]: Flushing usage events
[0m18:22:26.144811 [debug] [MainThread]: An error was encountered while trying to flush usage events
[0m19:25:20.726116 [debug] [MainThread]: Sending event: {'category': 'dbt', 'action': 'invocation', 'label': 'start', 'context': [<snowplow_tracker.self_describing_json.SelfDescribingJson object at 0x0000020AAD754260>, <snowplow_tracker.self_describing_json.SelfDescribingJson object at 0x0000020AB201AC60>, <snowplow_tracker.self_describing_json.SelfDescribingJson object at 0x0000020AAFFD04A0>]}


============================== 19:25:20.728118 | 82178367-aa5d-429e-b159-fcd7ea4c2f1c ==============================
[0m19:25:20.728118 [info ] [MainThread]: Running with dbt=1.12.0
[0m19:25:20.729117 [debug] [MainThread]: running dbt with arguments {'version_check': 'True', 'no_print': 'None', 'static_parser': 'True', 'target_path': 'None', 'maximum_seed_size_mib': '1', 'warn_error_options': 'WarnErrorOptionsV2(error=[], warn=[], silence=[])', 'printer_width': '80', 'write_json': 'True', 'empty': 'False', 'log_cache_events': 'False', 'introspect': 'True', 'cache_selected_only': 'False', 'log_format': 'default', 'debug': 'False', 'fail_fast': 'False', 'profiles_dir': 'C:\\Users\\dipus\\.dbt', 'send_anonymous_usage_stats': 'True', 'quiet': 'False', 'warn_error': 'None', 'partial_parse': 'True', 'invocation_command': 'dbt run --select models/demo', 'hints_enabled': 'True', 'use_colors': 'True', 'use_experimental_parser': 'False', 'indirect_selection': 'eager', 'log_path': 'logs'}
[0m19:25:20.729117 [error] [MainThread]: [[31mERROR[0m]: Encountered an error:
Runtime Error
  No dbt_project.yml found at expected path C:\Users\dipus\OneDrive\Desktop\DBT_Snowflake\dbt_project.yml
  Verify that each entry within packages.yml (and their transitive dependencies) contains a file named dbt_project.yml
  
[0m19:25:20.730118 [debug] [MainThread]: Command `dbt run` failed at 19:25:20.730118 after 0.15 seconds
[0m19:25:20.730118 [debug] [MainThread]: Sending event: {'category': 'dbt', 'action': 'invocation', 'label': 'end', 'context': [<snowplow_tracker.self_describing_json.SelfDescribingJson object at 0x0000020AADB09460>, <snowplow_tracker.self_describing_json.SelfDescribingJson object at 0x0000020AB20644D0>, <snowplow_tracker.self_describing_json.SelfDescribingJson object at 0x0000020AB0826FF0>]}
[0m19:25:20.730118 [debug] [MainThread]: Flushing usage events
[0m19:25:21.118909 [debug] [MainThread]: An error was encountered while trying to flush usage events
[0m18:57:30.757577 [debug] [MainThread]: Sending event: {'category': 'dbt', 'action': 'invocation', 'label': 'start', 'context': [<snowplow_tracker.self_describing_json.SelfDescribingJson object at 0x00000232280A74A0>, <snowplow_tracker.self_describing_json.SelfDescribingJson object at 0x000002322AEEBF20>, <snowplow_tracker.self_describing_json.SelfDescribingJson object at 0x000002322AEEBEF0>]}


============================== 18:57:30.760577 | 2cf45a1d-22d5-4099-b6fa-e5c629afb993 ==============================
[0m18:57:30.760577 [info ] [MainThread]: Running with dbt=1.12.0
[0m18:57:30.760577 [debug] [MainThread]: running dbt with arguments {'static_parser': 'True', 'no_print': 'None', 'version_check': 'True', 'warn_error_options': 'WarnErrorOptionsV2(error=[], warn=[], silence=[])', 'target_path': 'None', 'maximum_seed_size_mib': '1', 'printer_width': '80', 'write_json': 'True', 'introspect': 'True', 'log_cache_events': 'False', 'empty': 'False', 'cache_selected_only': 'False', 'fail_fast': 'False', 'debug': 'False', 'log_format': 'default', 'partial_parse': 'True', 'send_anonymous_usage_stats': 'True', 'quiet': 'False', 'warn_error': 'None', 'profiles_dir': 'C:\\Users\\dipus\\.dbt', 'use_colors': 'True', 'hints_enabled': 'True', 'invocation_command': 'dbt compile', 'use_experimental_parser': 'False', 'indirect_selection': 'eager', 'log_path': 'logs'}
[0m18:57:30.760577 [error] [MainThread]: [[31mERROR[0m]: Encountered an error:
Runtime Error
  No dbt_project.yml found at expected path C:\Users\dipus\OneDrive\Desktop\DBT_Snowflake\dbt_project.yml
  Verify that each entry within packages.yml (and their transitive dependencies) contains a file named dbt_project.yml
  
[0m18:57:30.761673 [debug] [MainThread]: Command `dbt compile` failed at 18:57:30.761673 after 0.10 seconds
[0m18:57:30.761673 [debug] [MainThread]: Sending event: {'category': 'dbt', 'action': 'invocation', 'label': 'end', 'context': [<snowplow_tracker.self_describing_json.SelfDescribingJson object at 0x0000023228014830>, <snowplow_tracker.self_describing_json.SelfDescribingJson object at 0x00000232291B9C10>, <snowplow_tracker.self_describing_json.SelfDescribingJson object at 0x00000232280A74A0>]}
[0m18:57:30.761673 [debug] [MainThread]: Flushing usage events
[0m18:57:31.165565 [debug] [MainThread]: An error was encountered while trying to flush usage events
[0m18:57:53.261883 [debug] [MainThread]: Sending event: {'category': 'dbt', 'action': 'invocation', 'label': 'start', 'context': [<snowplow_tracker.self_describing_json.SelfDescribingJson object at 0x0000019E1E994410>, <snowplow_tracker.self_describing_json.SelfDescribingJson object at 0x0000019E210D2FC0>, <snowplow_tracker.self_describing_json.SelfDescribingJson object at 0x0000019E20975AF0>]}


============================== 18:57:53.264905 | a6e5d3f9-8539-49d0-b73e-271545c03715 ==============================
[0m18:57:53.264905 [info ] [MainThread]: Running with dbt=1.12.0
[0m18:57:53.264905 [debug] [MainThread]: running dbt with arguments {'version_check': 'True', 'no_print': 'None', 'maximum_seed_size_mib': '1', 'warn_error_options': 'WarnErrorOptionsV2(error=[], warn=[], silence=[])', 'static_parser': 'True', 'target_path': 'None', 'printer_width': '80', 'write_json': 'True', 'empty': 'False', 'log_cache_events': 'False', 'introspect': 'True', 'cache_selected_only': 'False', 'fail_fast': 'False', 'debug': 'False', 'log_format': 'default', 'partial_parse': 'True', 'send_anonymous_usage_stats': 'True', 'quiet': 'False', 'warn_error': 'None', 'profiles_dir': 'C:\\Users\\dipus\\.dbt', 'use_colors': 'True', 'hints_enabled': 'True', 'invocation_command': 'dbt compile', 'use_experimental_parser': 'False', 'indirect_selection': 'eager', 'log_path': 'logs'}
[0m18:57:53.265905 [error] [MainThread]: [[31mERROR[0m]: Encountered an error:
Runtime Error
  No dbt_project.yml found at expected path C:\Users\dipus\OneDrive\Desktop\DBT_Snowflake\dbt_project.yml
  Verify that each entry within packages.yml (and their transitive dependencies) contains a file named dbt_project.yml
  
[0m18:57:53.265905 [debug] [MainThread]: Command `dbt compile` failed at 18:57:53.265905 after 0.12 seconds
[0m18:57:53.265905 [debug] [MainThread]: Sending event: {'category': 'dbt', 'action': 'invocation', 'label': 'end', 'context': [<snowplow_tracker.self_describing_json.SelfDescribingJson object at 0x0000019E23231A00>, <snowplow_tracker.self_describing_json.SelfDescribingJson object at 0x0000019E1E0847D0>, <snowplow_tracker.self_describing_json.SelfDescribingJson object at 0x0000019E1E994410>]}
[0m18:57:53.265905 [debug] [MainThread]: Flushing usage events
[0m18:57:53.589526 [debug] [MainThread]: An error was encountered while trying to flush usage events
[0m18:58:09.740562 [debug] [MainThread]: Sending event: {'category': 'dbt', 'action': 'invocation', 'label': 'start', 'context': [<snowplow_tracker.self_describing_json.SelfDescribingJson object at 0x000001D8C6AD3D40>, <snowplow_tracker.self_describing_json.SelfDescribingJson object at 0x000001D8C44940B0>, <snowplow_tracker.self_describing_json.SelfDescribingJson object at 0x000001D8C4C7E570>]}


============================== 18:58:09.742577 | 3c73750a-77c3-4f01-8b0c-93908050a362 ==============================
[0m18:58:09.742577 [info ] [MainThread]: Running with dbt=1.12.0
[0m18:58:09.743560 [debug] [MainThread]: running dbt with arguments {'version_check': 'True', 'no_print': 'None', 'static_parser': 'True', 'warn_error_options': 'WarnErrorOptionsV2(error=[], warn=[], silence=[])', 'maximum_seed_size_mib': '1', 'target_path': 'None', 'printer_width': '80', 'write_json': 'True', 'introspect': 'True', 'log_cache_events': 'False', 'empty': 'False', 'cache_selected_only': 'False', 'log_format': 'default', 'debug': 'False', 'fail_fast': 'False', 'partial_parse': 'True', 'send_anonymous_usage_stats': 'True', 'quiet': 'False', 'warn_error': 'None', 'profiles_dir': 'C:\\Users\\dipus\\.dbt', 'indirect_selection': 'eager', 'hints_enabled': 'True', 'invocation_command': 'dbt compile', 'use_experimental_parser': 'False', 'use_colors': 'True', 'log_path': 'logs'}
[0m18:58:09.743560 [error] [MainThread]: [[31mERROR[0m]: Encountered an error:
Runtime Error
  No dbt_project.yml found at expected path C:\Users\dipus\OneDrive\Desktop\DBT_Snowflake\dbt_project.yml
  Verify that each entry within packages.yml (and their transitive dependencies) contains a file named dbt_project.yml
  
[0m18:58:09.744561 [debug] [MainThread]: Command `dbt compile` failed at 18:58:09.743560 after 0.11 seconds
[0m18:58:09.744561 [debug] [MainThread]: Sending event: {'category': 'dbt', 'action': 'invocation', 'label': 'end', 'context': [<snowplow_tracker.self_describing_json.SelfDescribingJson object at 0x000001D8C6AD3D40>, <snowplow_tracker.self_describing_json.SelfDescribingJson object at 0x000001D8C6AD2330>, <snowplow_tracker.self_describing_json.SelfDescribingJson object at 0x000001D8C6B13650>]}
[0m18:58:09.744561 [debug] [MainThread]: Flushing usage events
[0m18:58:10.126756 [debug] [MainThread]: An error was encountered while trying to flush usage events
[0m16:29:13.422247 [debug] [MainThread]: Sending event: {'category': 'dbt', 'action': 'invocation', 'label': 'start', 'context': [<snowplow_tracker.self_describing_json.SelfDescribingJson object at 0x0000022F24F4CEF0>, <snowplow_tracker.self_describing_json.SelfDescribingJson object at 0x0000022F24F4CEC0>, <snowplow_tracker.self_describing_json.SelfDescribingJson object at 0x0000022F24DB33B0>]}


============================== 16:29:13.424360 | eb661714-27d6-4d18-b835-571c8dc36f61 ==============================
[0m16:29:13.424360 [info ] [MainThread]: Running with dbt=1.12.0
[0m16:29:13.425359 [debug] [MainThread]: running dbt with arguments {'static_parser': 'True', 'no_print': 'None', 'version_check': 'True', 'warn_error_options': 'WarnErrorOptionsV2(error=[], warn=[], silence=[])', 'target_path': 'None', 'maximum_seed_size_mib': '1', 'printer_width': '80', 'write_json': 'True', 'empty': 'False', 'log_cache_events': 'False', 'introspect': 'True', 'cache_selected_only': 'False', 'fail_fast': 'False', 'debug': 'False', 'log_format': 'default', 'partial_parse': 'True', 'send_anonymous_usage_stats': 'True', 'quiet': 'False', 'warn_error': 'None', 'profiles_dir': 'C:\\Users\\dipus\\.dbt', 'use_colors': 'True', 'hints_enabled': 'True', 'indirect_selection': 'eager', 'use_experimental_parser': 'False', 'invocation_command': 'dbt run --select fact.sql', 'log_path': 'logs'}
[0m16:29:13.425359 [error] [MainThread]: [[31mERROR[0m]: Encountered an error:
Runtime Error
  No dbt_project.yml found at expected path C:\Users\dipus\OneDrive\Desktop\DBT_Snowflake\dbt_project.yml
  Verify that each entry within packages.yml (and their transitive dependencies) contains a file named dbt_project.yml
  
[0m16:29:13.425359 [debug] [MainThread]: Command `dbt run` failed at 16:29:13.425359 after 0.16 seconds
[0m16:29:13.426857 [debug] [MainThread]: Sending event: {'category': 'dbt', 'action': 'invocation', 'label': 'end', 'context': [<snowplow_tracker.self_describing_json.SelfDescribingJson object at 0x0000022F26A46D20>, <snowplow_tracker.self_describing_json.SelfDescribingJson object at 0x0000022F242048F0>, <snowplow_tracker.self_describing_json.SelfDescribingJson object at 0x0000022F228C5580>]}
[0m16:29:13.426857 [debug] [MainThread]: Flushing usage events
[0m16:29:13.777064 [debug] [MainThread]: An error was encountered while trying to flush usage events
